2026-10-03 08:10:12 INFO LOGIN_SUCCESS user=admin ip=INTERNAL-A
2026-10-03 08:13:45 WARNING LOGIN_FAILED user=admin ip=EXTERNAL-A
2026-10-03 08:14:02 WARNING LOGIN_FAILED user=admin ip=EXTERNAL-A
2026-10-03 08:14:18 WARNING LOGIN_FAILED user=admin ip=EXTERNAL-A
2026-10-03 08:14:41 WARNING LOGIN_FAILED user=admin ip=EXTERNAL-A
2026-10-03 08:15:03 WARNING LOGIN_FAILED user=admin ip=EXTERNAL-A

2026-10-03 08:18:22 INFO LOGIN_SUCCESS user=abu ip=INTERNAL-B
2026-10-03 08:21:15 ERROR ACCESS_DENIED user=guest ip=EXTERNAL-B resource=/admin
2026-10-03 08:22:09 ERROR ACCESS_DENIED user=guest ip=EXTERNAL-B resource=/admin
2026-10-03 08:22:45 ERROR ACCESS_DENIED user=guest ip=EXTERNAL-B resource=/settings

2026-10-03 08:30:14 INFO LOGIN_SUCCESS user=staff ip=INTERNAL-C
2026-10-03 08:35:41 WARNING LOGIN_FAILED user=root ip=EXTERNAL-C
2026-10-03 08:35:58 WARNING LOGIN_FAILED user=root ip=EXTERNAL-C
2026-10-03 08:36:10 WARNING LOGIN_FAILED user=root ip=EXTERNAL-C

2026-10-03 08:42:03 INFO FILE_ACCESS user=staff ip=INTERNAL-C file=report.pdf
2026-10-03 08:47:32 WARNING SUSPICIOUS_REQUEST ip=EXTERNAL-D path=/login
2026-10-03 08:48:11 WARNING SUSPICIOUS_REQUEST ip=EXTERNAL-D path=/admin
2026-10-03 08:49:27 ERROR ACCESS_DENIED user=unknown ip=EXTERNAL-D resource=/admin

2026-10-03 09:02:19 INFO LOGIN_SUCCESS user=manager ip=INTERNAL-D
2026-10-03 09:05:55 WARNING LOGIN_FAILED user=manager ip=EXTERNAL-E
2026-10-03 09:06:08 WARNING LOGIN_FAILED user=manager ip=EXTERNAL-E
2026-10-03 09:06:21 WARNING LOGIN_FAILED user=manager ip=EXTERNAL-E
2026-10-03 09:06:34 WARNING LOGIN_FAILED user=manager ip=EXTERNAL-E

2026-10-03 09:15:03 ERROR MALWARE_ALERT host=PC-07 ip=INTERNAL-E file=suspicious.exe
2026-10-03 09:17:25 WARNING PORT_SCAN ip=EXTERNAL-F ports=22,80,443,3389
2026-10-03 09:18:32 WARNING PORT_SCAN ip=EXTERNAL-F ports=21,23,25,445
2026-10-03 09:25:44 INFO LOGOUT user=abu ip=INTERNAL-B
